Archive member included to satisfy reference by file (symbol)

c:/st/stm32cubeide_1.12.0/stm32cubeide/plugins/com.st.stm32cube.ide.mcu.externaltools.gnu-tools-for-stm32.10.3-2021.10.win32_1.0.200.202301161003/tools/bin/../lib/gcc/arm-none-eabi/10.3.1/../../../../arm-none-eabi/lib/thumb/v7e-m+fp/hard\libc_nano.a(lib_a-errno.o)
                              ./Core/Src/syscalls.o (__errno)
c:/st/stm32cubeide_1.12.0/stm32cubeide/plugins/com.st.stm32cube.ide.mcu.externaltools.gnu-tools-for-stm32.10.3-2021.10.win32_1.0.200.202301161003/tools/bin/../lib/gcc/arm-none-eabi/10.3.1/../../../../arm-none-eabi/lib/thumb/v7e-m+fp/hard\libc_nano.a(lib_a-exit.o)
                              c:/st/stm32cubeide_1.12.0/stm32cubeide/plugins/com.st.stm32cube.ide.mcu.externaltools.gnu-tools-for-stm32.10.3-2021.10.win32_1.0.200.202301161003/tools/bin/../lib/gcc/arm-none-eabi/10.3.1/../../../../arm-none-eabi/lib/thumb/v7e-m+fp/hard/crt0.o (exit)
c:/st/stm32cubeide_1.12.0/stm32cubeide/plugins/com.st.stm32cube.ide.mcu.externaltools.gnu-tools-for-stm32.10.3-2021.10.win32_1.0.200.202301161003/tools/bin/../lib/gcc/arm-none-eabi/10.3.1/../../../../arm-none-eabi/lib/thumb/v7e-m+fp/hard\libc_nano.a(lib_a-impure.o)
                              c:/st/stm32cubeide_1.12.0/stm32cubeide/plugins/com.st.stm32cube.ide.mcu.externaltools.gnu-tools-for-stm32.10.3-2021.10.win32_1.0.200.202301161003/tools/bin/../lib/gcc/arm-none-eabi/10.3.1/../../../../arm-none-eabi/lib/thumb/v7e-m+fp/hard\libc_nano.a(lib_a-exit.o) (_global_impure_ptr)
c:/st/stm32cubeide_1.12.0/stm32cubeide/plugins/com.st.stm32cube.ide.mcu.externaltools.gnu-tools-for-stm32.10.3-2021.10.win32_1.0.200.202301161003/tools/bin/../lib/gcc/arm-none-eabi/10.3.1/../../../../arm-none-eabi/lib/thumb/v7e-m+fp/hard\libc_nano.a(lib_a-init.o)
                              c:/st/stm32cubeide_1.12.0/stm32cubeide/plugins/com.st.stm32cube.ide.mcu.externaltools.gnu-tools-for-stm32.10.3-2021.10.win32_1.0.200.202301161003/tools/bin/../lib/gcc/arm-none-eabi/10.3.1/../../../../arm-none-eabi/lib/thumb/v7e-m+fp/hard/crt0.o (__libc_init_array)
c:/st/stm32cubeide_1.12.0/stm32cubeide/plugins/com.st.stm32cube.ide.mcu.externaltools.gnu-tools-for-stm32.10.3-2021.10.win32_1.0.200.202301161003/tools/bin/../lib/gcc/arm-none-eabi/10.3.1/../../../../arm-none-eabi/lib/thumb/v7e-m+fp/hard\libc_nano.a(lib_a-memset.o)
                              c:/st/stm32cubeide_1.12.0/stm32cubeide/plugins/com.st.stm32cube.ide.mcu.externaltools.gnu-tools-for-stm32.10.3-2021.10.win32_1.0.200.202301161003/tools/bin/../lib/gcc/arm-none-eabi/10.3.1/../../../../arm-none-eabi/lib/thumb/v7e-m+fp/hard/crt0.o (memset)

Discarded input sections

 .text          0x0000000000000000        0x0 c:/st/stm32cubeide_1.12.0/stm32cubeide/plugins/com.st.stm32cube.ide.mcu.externaltools.gnu-tools-for-stm32.10.3-2021.10.win32_1.0.200.202301161003/tools/bin/../lib/gcc/arm-none-eabi/10.3.1/thumb/v7e-m+fp/hard/crti.o
 .data          0x0000000000000000        0x0 c:/st/stm32cubeide_1.12.0/stm32cubeide/plugins/com.st.stm32cube.ide.mcu.externaltools.gnu-tools-for-stm32.10.3-2021.10.win32_1.0.200.202301161003/tools/bin/../lib/gcc/arm-none-eabi/10.3.1/thumb/v7e-m+fp/hard/crti.o
 .bss           0x0000000000000000        0x0 c:/st/stm32cubeide_1.12.0/stm32cubeide/plugins/com.st.stm32cube.ide.mcu.externaltools.gnu-tools-for-stm32.10.3-2021.10.win32_1.0.200.202301161003/tools/bin/../lib/gcc/arm-none-eabi/10.3.1/thumb/v7e-m+fp/hard/crti.o
 .data          0x0000000000000000        0x4 c:/st/stm32cubeide_1.12.0/stm32cubeide/plugins/com.st.stm32cube.ide.mcu.externaltools.gnu-tools-for-stm32.10.3-2021.10.win32_1.0.200.202301161003/tools/bin/../lib/gcc/arm-none-eabi/10.3.1/thumb/v7e-m+fp/hard/crtbegin.o
 .rodata        0x0000000000000000       0x24 c:/st/stm32cubeide_1.12.0/stm32cubeide/plugins/com.st.stm32cube.ide.mcu.externaltools.gnu-tools-for-stm32.10.3-2021.10.win32_1.0.200.202301161003/tools/bin/../lib/gcc/arm-none-eabi/10.3.1/thumb/v7e-m+fp/hard/crtbegin.o
 .text          0x0000000000000000       0x7c c:/st/stm32cubeide_1.12.0/stm32cubeide/plugins/com.st.stm32cube.ide.mcu.externaltools.gnu-tools-for-stm32.10.3-2021.10.win32_1.0.200.202301161003/tools/bin/../lib/gcc/arm-none-eabi/10.3.1/../../../../arm-none-eabi/lib/thumb/v7e-m+fp/hard/crt0.o
 .data          0x0000000000000000        0x0 c:/st/stm32cubeide_1.12.0/stm32cubeide/plugins/com.st.stm32cube.ide.mcu.externaltools.gnu-tools-for-stm32.10.3-2021.10.win32_1.0.200.202301161003/tools/bin/../lib/gcc/arm-none-eabi/10.3.1/../../../../arm-none-eabi/lib/thumb/v7e-m+fp/hard/crt0.o
 .bss           0x0000000000000000        0x0 c:/st/stm32cubeide_1.12.0/stm32cubeide/plugins/com.st.stm32cube.ide.mcu.externaltools.gnu-tools-for-stm32.10.3-2021.10.win32_1.0.200.202301161003/tools/bin/../lib/gcc/arm-none-eabi/10.3.1/../../../../arm-none-eabi/lib/thumb/v7e-m+fp/hard/crt0.o
[...]
Memory Configuration

Name             Origin             Length             Attributes
RAM              0x0000000020000000 0x0000000000018000 xrw
RAM2             0x0000000010000000 0x0000000000008000 xrw
FLASH            0x0000000008000000 0x0000000000100000 xr
*default*        0x0000000000000000 0xffffffffffffffff

Linker script and memory map

LOAD c:/st/stm32cubeide_1.12.0/stm32cubeide/plugins/com.st.stm32cube.ide.mcu.externaltools.gnu-tools-for-stm32.10.3-2021.10.win32_1.0.200.202301161003/tools/bin/../lib/gcc/arm-none-eabi/10.3.1/thumb/v7e-m+fp/hard/crti.o
LOAD c:/st/stm32cubeide_1.12.0/stm32cubeide/plugins/com.st.stm32cube.ide.mcu.externaltools.gnu-tools-for-stm32.10.3-2021.10.win32_1.0.200.202301161003/tools/bin/../lib/gcc/arm-none-eabi/10.3.1/thumb/v7e-m+fp/hard/crtbegin.o
LOAD c:/st/stm32cubeide_1.12.0/stm32cubeide/plugins/com.st.stm32cube.ide.mcu.externaltools.gnu-tools-for-stm32.10.3-2021.10.win32_1.0.200.202301161003/tools/bin/../lib/gcc/arm-none-eabi/10.3.1/../../../../arm-none-eabi/lib/thumb/v7e-m+fp/hard/crt0.o
LOAD ./Core/Src/main.o
LOAD ./Core/Src/stm32l4xx_hal_msp.o
LOAD ./Core/Src/stm32l4xx_it.o
LOAD ./Core/Src/syscalls.o
LOAD ./Core/Src/sysmem.o
LOAD ./Core/Src/system_stm32l4xx.o
LOAD ./Core/Startup/startup_stm32l476rgtx.o
LOAD ./Drivers/STM32L4xx_HAL_Driver/stm32l4xx_hal.o
LOAD ./Drivers/STM32L4xx_HAL_Driver/stm32l4xx_hal_cortex.o
LOAD ./Drivers/STM32L4xx_HAL_Driver/stm32l4xx_hal_dma.o
LOAD ./Drivers/STM32L4xx_HAL_Driver/stm32l4xx_hal_dma_ex.o
LOAD ./Drivers/STM32L4xx_HAL_Driver/stm32l4xx_hal_exti.o
LOAD ./Drivers/STM32L4xx_HAL_Driver/stm32l4xx_hal_flash.o
LOAD ./Drivers/STM32L4xx_HAL_Driver/stm32l4xx_hal_flash_ex.o
LOAD ./Drivers/STM32L4xx_HAL_Driver/stm32l4xx_hal_flash_ramfunc.o
LOAD ./Drivers/STM32L4xx_HAL_Driver/stm32l4xx_hal_gpio.o
LOAD ./Drivers/STM32L4xx_HAL_Driver/stm32l4xx_hal_pwr.o
LOAD ./Drivers/STM32L4xx_HAL_Driver/stm32l4xx_hal_pwr_ex.o
LOAD ./Drivers/STM32L4xx_HAL_Driver/stm32l4xx_hal_rcc.o
LOAD ./Drivers/STM32L4xx_HAL_Driver/stm32l4xx_hal_rcc_ex.o
START GROUP
LOAD c:/st/stm32cubeide_1.12.0/stm32cubeide/plugins/com.st.stm32cube.ide.mcu.externaltools.gnu-tools-for-stm32.10.3-2021.10.win32_1.0.200.202301161003/tools/bin/../lib/gcc/arm-none-eabi/10.3.1/../../../../arm-none-eabi/lib/thumb/v7e-m+fp/hard\libc_nano.a
LOAD c:/st/stm32cubeide_1.12.0/stm32cubeide/plugins/com.st.stm32cube.ide.mcu.externaltools.gnu-tools-for-stm32.10.3-2021.10.win32_1.0.200.202301161003/tools/bin/../lib/gcc/arm-none-eabi/10.3.1/../../../../arm-none-eabi/lib/thumb/v7e-m+fp/hard\libm.a
END GROUP
START GROUP
LOAD c:/st/stm32cubeide_1.12.0/stm32cubeide/plugins/com.st.stm32cube.ide.mcu.externaltools.gnu-tools-for-stm32.10.3-2021.10.win32_1.0.200.202301161003/tools/bin/../lib/gcc/arm-none-eabi/10.3.1/thumb/v7e-m+fp/hard\libgcc.a
LOAD c:/st/stm32cubeide_1.12.0/stm32cubeide/plugins/com.st.stm32cube.ide.mcu.externaltools.gnu-tools-for-stm32.10.3-2021.10.win32_1.0.200.202301161003/tools/bin/../lib/gcc/arm-none-eabi/10.3.1/../../../../arm-none-eabi/lib/thumb/v7e-m+fp/hard\libc_nano.a
END GROUP
START GROUP
LOAD c:/st/stm32cubeide_1.12.0/stm32cubeide/plugins/com.st.stm32cube.ide.mcu.externaltools.gnu-tools-for-stm32.10.3-2021.10.win32_1.0.200.202301161003/tools/bin/../lib/gcc/arm-none-eabi/10.3.1/thumb/v7e-m+fp/hard\libgcc.a
LOAD c:/st/stm32cubeide_1.12.0/stm32cubeide/plugins/com.st.stm32cube.ide.mcu.externaltools.gnu-tools-for-stm32.10.3-2021.10.win32_1.0.200.202301161003/tools/bin/../lib/gcc/arm-none-eabi/10.3.1/../../../../arm-none-eabi/lib/thumb/v7e-m+fp/hard\libc_nano.a
LOAD c:/st/stm32cubeide_1.12.0/stm32cubeide/plugins/com.st.stm32cube.ide.mcu.externaltools.gnu-tools-for-stm32.10.3-2021.10.win32_1.0.200.202301161003/tools/bin/../lib/gcc/arm-none-eabi/10.3.1/../../../../arm-none-eabi/lib/thumb/v7e-m+fp/hard\libnosys.a
END GROUP
START GROUP
LOAD c:/st/stm32cubeide_1.12.0/stm32cubeide/plugins/com.st.stm32cube.ide.mcu.externaltools.gnu-tools-for-stm32.10.3-2021.10.win32_1.0.200.202301161003/tools/bin/../lib/gcc/arm-none-eabi/10.3.1/thumb/v7e-m+fp/hard\libgcc.a
LOAD c:/st/stm32cubeide_1.12.0/stm32cubeide/plugins/com.st.stm32cube.ide.mcu.externaltools.gnu-tools-for-stm32.10.3-2021.10.win32_1.0.200.202301161003/tools/bin/../lib/gcc/arm-none-eabi/10.3.1/../../../../arm-none-eabi/lib/thumb/v7e-m+fp/hard\libc_nano.a
LOAD c:/st/stm32cubeide_1.12.0/stm32cubeide/plugins/com.st.stm32cube.ide.mcu.externaltools.gnu-tools-for-stm32.10.3-2021.10.win32_1.0.200.202301161003/tools/bin/../lib/gcc/arm-none-eabi/10.3.1/../../../../arm-none-eabi/lib/thumb/v7e-m+fp/hard\libnosys.a
END GROUP
LOAD c:/st/stm32cubeide_1.12.0/stm32cubeide/plugins/com.st.stm32cube.ide.mcu.externaltools.gnu-tools-for-stm32.10.3-2021.10.win32_1.0.200.202301161003/tools/bin/../lib/gcc/arm-none-eabi/10.3.1/thumb/v7e-m+fp/hard/crtend.o
LOAD c:/st/stm32cubeide_1.12.0/stm32cubeide/plugins/com.st.stm32cube.ide.mcu.externaltools.gnu-tools-for-stm32.10.3-2021.10.win32_1.0.200.202301161003/tools/bin/../lib/gcc/arm-none-eabi/10.3.1/thumb/v7e-m+fp/hard/crtn.o
                0x0000000020018000                _estack = (ORIGIN (RAM) + LENGTH (RAM))
                0x0000000000000200                _Min_Heap_Size = 0x200
                0x0000000000000400                _Min_Stack_Size = 0x400

.isr_vector     0x0000000008000000      0x188
                0x0000000008000000                . = ALIGN (0x4)
 *(.isr_vector)
 .isr_vector    0x0000000008000000      0x188 ./Core/Startup/startup_stm32l476rgtx.o
                0x0000000008000000                g_pfnVectors
                0x0000000008000188                . = ALIGN (0x4)

.text           0x0000000008000188      0x6f0
                0x0000000008000188                . = ALIGN (0x4)
 *(.text)
 .text          0x0000000008000188       0x40 c:/st/stm32cubeide_1.12.0/stm32cubeide/plugins/com.st.stm32cube.ide.mcu.externaltools.gnu-tools-for-stm32.10.3-2021.10.win32_1.0.200.202301161003/tools/bin/../lib/gcc/arm-none-eabi/10.3.1/thumb/v7e-m+fp/hard/crtbegin.o
 *(.text*)
 .text.main     0x00000000080001c8       0x98 ./Core/Src/main.o
                0x00000000080001c8                main
 .text.TestFunction
                0x0000000008000260      0x208 ./Core/Src/main.o
                0x0000000008000260                TestFunction
 .text.HAL_MspInit
                0x0000000008000468       0x48 ./Core/Src/stm32l4xx_hal_msp.o
                0x0000000008000468                HAL_MspInit
 .text.NMI_Handler
                0x00000000080004b0        0x6 ./Core/Src/stm32l4xx_it.o
                0x00000000080004b0                NMI_Handler
 .text.HardFault_Handler
                0x00000000080004b6        0x6 ./Core/Src/stm32l4xx_it.o
                0x00000000080004b6                HardFault_Handler
 .text.MemManage_Handler
                0x00000000080004bc        0x6 ./Core/Src/stm32l4xx_it.o
                0x00000000080004bc                MemManage_Handler
 .text.BusFault_Handler
                0x00000000080004c2        0x6 ./Core/Src/stm32l4xx_it.o
                0x00000000080004c2                BusFault_Handler
 .text.UsageFault_Handler
                0x00000000080004c8        0x6 ./Core/Src/stm32l4xx_it.o
                0x00000000080004c8                UsageFault_Handler
 .text.SVC_Handler
                0x00000000080004ce        0xe ./Core/Src/stm32l4xx_it.o
                0x00000000080004ce                SVC_Handler
 .text.DebugMon_Handler
                0x00000000080004dc        0xe ./Core/Src/stm32l4xx_it.o
                0x00000000080004dc                DebugMon_Handler
 .text.PendSV_Handler
                0x00000000080004ea        0xe ./Core/Src/stm32l4xx_it.o
                0x00000000080004ea                PendSV_Handler
 .text.SysTick_Handler
                0x00000000080004f8        0xc ./Core/Src/stm32l4xx_it.o
                0x00000000080004f8                SysTick_Handler
 .text.SystemInit
                0x0000000008000504       0x24 ./Core/Src/system_stm32l4xx.o
                0x0000000008000504                SystemInit
 .text.Reset_Handler
                0x0000000008000528       0x50 ./Core/Startup/startup_stm32l476rgtx.o
                0x0000000008000528                Reset_Handler
 .text.Default_Handler
                0x0000000008000578        0x2 ./Core/Startup/startup_stm32l476rgtx.o
                0x0000000008000578                RTC_Alarm_IRQHandler
                0x0000000008000578                EXTI2_IRQHandler
                0x0000000008000578                TIM8_TRG_COM_IRQHandler
                0x0000000008000578                TIM8_CC_IRQHandler
                0x0000000008000578                TIM1_CC_IRQHandler
                0x0000000008000578                TSC_IRQHandler
                0x0000000008000578                TAMP_STAMP_IRQHandler
                0x0000000008000578                EXTI3_IRQHandler
                0x0000000008000578                LPTIM2_IRQHandler
                0x0000000008000578                DFSDM1_FLT1_IRQHandler
                0x0000000008000578                I2C3_ER_IRQHandler
                0x0000000008000578                DFSDM1_FLT2_IRQHandler
                0x0000000008000578                EXTI0_IRQHandler
                0x0000000008000578                I2C2_EV_IRQHandler
                0x0000000008000578                CAN1_RX0_IRQHandler
                0x0000000008000578                FPU_IRQHandler
                0x0000000008000578                TIM1_UP_TIM16_IRQHandler
                0x0000000008000578                ADC1_2_IRQHandler
                0x0000000008000578                SPI1_IRQHandler
                0x0000000008000578                TIM6_DAC_IRQHandler
                0x0000000008000578                TIM8_UP_IRQHandler
                0x0000000008000578                DMA2_Channel2_IRQHandler
                0x0000000008000578                DMA1_Channel4_IRQHandler
                0x0000000008000578                SAI2_IRQHandler
                0x0000000008000578                DFSDM1_FLT3_IRQHandler
                0x0000000008000578                USART3_IRQHandler
                0x0000000008000578                DMA1_Channel7_IRQHandler
                0x0000000008000578                CAN1_RX1_IRQHandler
                0x0000000008000578                LCD_IRQHandler
                0x0000000008000578                UART5_IRQHandler
                0x0000000008000578                ADC3_IRQHandler
                0x0000000008000578                TIM4_IRQHandler
                0x0000000008000578                DMA2_Channel1_IRQHandler
                0x0000000008000578                QUADSPI_IRQHandler
                0x0000000008000578                I2C1_EV_IRQHandler
                0x0000000008000578                DMA1_Channel6_IRQHandler
                0x0000000008000578                UART4_IRQHandler
                0x0000000008000578                DMA2_Channel4_IRQHandler
                0x0000000008000578                TIM3_IRQHandler
                0x0000000008000578                RCC_IRQHandler
                0x0000000008000578                DMA1_Channel1_IRQHandler
                0x0000000008000578                Default_Handler
                0x0000000008000578                DMA2_Channel7_IRQHandler
                0x0000000008000578                EXTI15_10_IRQHandler
                0x0000000008000578                TIM7_IRQHandler
                0x0000000008000578                SDMMC1_IRQHandler
                0x0000000008000578                TIM5_IRQHandler
                0x0000000008000578                I2C3_EV_IRQHandler
                0x0000000008000578                EXTI9_5_IRQHandler
                0x0000000008000578                RTC_WKUP_IRQHandler
                0x0000000008000578                PVD_PVM_IRQHandler
                0x0000000008000578                SPI2_IRQHandler
                0x0000000008000578                CAN1_TX_IRQHandler
                0x0000000008000578                DMA2_Channel5_IRQHandler
                0x0000000008000578                DMA1_Channel5_IRQHandler
                0x0000000008000578                EXTI4_IRQHandler
                0x0000000008000578                RNG_IRQHandler
                0x0000000008000578                TIM1_TRG_COM_TIM17_IRQHandler
                0x0000000008000578                DMA1_Channel3_IRQHandler
                0x0000000008000578                COMP_IRQHandler
                0x0000000008000578                WWDG_IRQHandler
                0x0000000008000578                LPUART1_IRQHandler
                0x0000000008000578                DMA2_Channel6_IRQHandler
                0x0000000008000578                TIM2_IRQHandler
                0x0000000008000578                EXTI1_IRQHandler
                0x0000000008000578                USART2_IRQHandler
                0x0000000008000578                DFSDM1_FLT0_IRQHandler
                0x0000000008000578                I2C2_ER_IRQHandler
                0x0000000008000578                DMA1_Channel2_IRQHandler
                0x0000000008000578                TIM8_BRK_IRQHandler
                0x0000000008000578                CAN1_SCE_IRQHandler
                0x0000000008000578                FLASH_IRQHandler
                0x0000000008000578                USART1_IRQHandler
                0x0000000008000578                OTG_FS_IRQHandler
                0x0000000008000578                SPI3_IRQHandler
                0x0000000008000578                I2C1_ER_IRQHandler
                0x0000000008000578                FMC_IRQHandler
                0x0000000008000578                SWPMI1_IRQHandler
                0x0000000008000578                LPTIM1_IRQHandler
                0x0000000008000578                SAI1_IRQHandler
                0x0000000008000578                DMA2_Channel3_IRQHandler
                0x0000000008000578                TIM1_BRK_TIM15_IRQHandler
 .text.HAL_Init
                0x000000000800057a       0x30 ./Drivers/STM32L4xx_HAL_Driver/stm32l4xx_hal.o
                0x000000000800057a                HAL_Init
 *fill*         0x00000000080005aa        0x2 
 .text.HAL_InitTick
                0x00000000080005ac       0x78 ./Drivers/STM32L4xx_HAL_Driver/stm32l4xx_hal.o
                0x00000000080005ac                HAL_InitTick
 .text.HAL_IncTick
                0x0000000008000624       0x28 ./Drivers/STM32L4xx_HAL_Driver/stm32l4xx_hal.o
                0x0000000008000624                HAL_IncTick
 .text.__NVIC_SetPriorityGrouping
                0x000000000800064c       0x48 ./Drivers/STM32L4xx_HAL_Driver/stm32l4xx_hal_cortex.o
 .text.__NVIC_GetPriorityGrouping
                0x0000000008000694       0x1c ./Drivers/STM32L4xx_HAL_Driver/stm32l4xx_hal_cortex.o
 .text.__NVIC_SetPriority
                0x00000000080006b0       0x54 ./Drivers/STM32L4xx_HAL_Driver/stm32l4xx_hal_cortex.o
 .text.NVIC_EncodePriority
                0x0000000008000704       0x66 ./Drivers/STM32L4xx_HAL_Driver/stm32l4xx_hal_cortex.o
 *fill*         0x000000000800076a        0x2 
 .text.SysTick_Config
                0x000000000800076c       0x44 ./Drivers/STM32L4xx_HAL_Driver/stm32l4xx_hal_cortex.o
 .text.HAL_NVIC_SetPriorityGrouping
                0x00000000080007b0       0x16 ./Drivers/STM32L4xx_HAL_Driver/stm32l4xx_hal_cortex.o
                0x00000000080007b0                HAL_NVIC_SetPriorityGrouping
 .text.HAL_NVIC_SetPriority
                0x00000000080007c6       0x38 ./Drivers/STM32L4xx_HAL_Driver/stm32l4xx_hal_cortex.o
                0x00000000080007c6                HAL_NVIC_SetPriority
 .text.HAL_SYSTICK_Config
                0x00000000080007fe       0x18 ./Drivers/STM32L4xx_HAL_Driver/stm32l4xx_hal_cortex.o
                0x00000000080007fe                HAL_SYSTICK_Config
 *fill*         0x0000000008000816        0x2 
 .text.__libc_init_array
                0x0000000008000818       0x48 c:/st/stm32cubeide_1.12.0/stm32cubeide/plugins/com.st.stm32cube.ide.mcu.externaltools.gnu-tools-for-stm32.10.3-2021.10.win32_1.0.200.202301161003/tools/bin/../lib/gcc/arm-none-eabi/10.3.1/../../../../arm-none-eabi/lib/thumb/v7e-m+fp/hard\libc_nano.a(lib_a-init.o)
                0x0000000008000818                __libc_init_array
 *(.glue_7)
 .glue_7        0x0000000008000860        0x0 linker stubs
 *(.glue_7t)
 .glue_7t       0x0000000008000860        0x0 linker stubs
 *(.eh_frame)
 .eh_frame      0x0000000008000860        0x0 c:/st/stm32cubeide_1.12.0/stm32cubeide/plugins/com.st.stm32cube.ide.mcu.externaltools.gnu-tools-for-stm32.10.3-2021.10.win32_1.0.200.202301161003/tools/bin/../lib/gcc/arm-none-eabi/10.3.1/thumb/v7e-m+fp/hard/crtbegin.o
 *(.init)
 .init          0x0000000008000860        0x4 c:/st/stm32cubeide_1.12.0/stm32cubeide/plugins/com.st.stm32cube.ide.mcu.externaltools.gnu-tools-for-stm32.10.3-2021.10.win32_1.0.200.202301161003/tools/bin/../lib/gcc/arm-none-eabi/10.3.1/thumb/v7e-m+fp/hard/crti.o
                0x0000000008000860                _init
 .init          0x0000000008000864        0x8 c:/st/stm32cubeide_1.12.0/stm32cubeide/plugins/com.st.stm32cube.ide.mcu.externaltools.gnu-tools-for-stm32.10.3-2021.10.win32_1.0.200.202301161003/tools/bin/../lib/gcc/arm-none-eabi/10.3.1/thumb/v7e-m+fp/hard/crtn.o
 *(.fini)
 .fini          0x000000000800086c        0x4 c:/st/stm32cubeide_1.12.0/stm32cubeide/plugins/com.st.stm32cube.ide.mcu.externaltools.gnu-tools-for-stm32.10.3-2021.10.win32_1.0.200.202301161003/tools/bin/../lib/gcc/arm-none-eabi/10.3.1/thumb/v7e-m+fp/hard/crti.o
                0x000000000800086c                _fini
 .fini          0x0000000008000870        0x8 c:/st/stm32cubeide_1.12.0/stm32cubeide/plugins/com.st.stm32cube.ide.mcu.externaltools.gnu-tools-for-stm32.10.3-2021.10.win32_1.0.200.202301161003/tools/bin/../lib/gcc/arm-none-eabi/10.3.1/thumb/v7e-m+fp/hard/crtn.o
                0x0000000008000878                . = ALIGN (0x4)
                0x0000000008000878                _etext = .

.vfp11_veneer   0x0000000008000878        0x0
 .vfp11_veneer  0x0000000008000878        0x0 linker stubs

.v4_bx          0x0000000008000878        0x0
 .v4_bx         0x0000000008000878        0x0 linker stubs

.iplt           0x0000000008000878        0x0
 .iplt          0x0000000008000878        0x0 c:/st/stm32cubeide_1.12.0/stm32cubeide/plugins/com.st.stm32cube.ide.mcu.externaltools.gnu-tools-for-stm32.10.3-2021.10.win32_1.0.200.202301161003/tools/bin/../lib/gcc/arm-none-eabi/10.3.1/thumb/v7e-m+fp/hard/crtbegin.o

.rel.dyn        0x0000000008000878        0x0
 .rel.iplt      0x0000000008000878        0x0 c:/st/stm32cubeide_1.12.0/stm32cubeide/plugins/com.st.stm32cube.ide.mcu.externaltools.gnu-tools-for-stm32.10.3-2021.10.win32_1.0.200.202301161003/tools/bin/../lib/gcc/arm-none-eabi/10.3.1/thumb/v7e-m+fp/hard/crtbegin.o

.rodata         0x0000000008000878        0x0
                0x0000000008000878                . = ALIGN (0x4)
 *(.rodata)
 *(.rodata*)
                0x0000000008000878                . = ALIGN (0x4)

.ARM.extab      0x0000000008000878        0x0
                0x0000000008000878                . = ALIGN (0x4)
 *(.ARM.extab* .gnu.linkonce.armextab.*)
                0x0000000008000878                . = ALIGN (0x4)

.ARM            0x0000000008000878        0x0
                0x0000000008000878                . = ALIGN (0x4)
                0x0000000008000878                __exidx_start = .
 *(.ARM.exidx*)
                0x0000000008000878                __exidx_end = .
                0x0000000008000878                . = ALIGN (0x4)

.preinit_array  0x0000000008000878        0x0
                0x0000000008000878                . = ALIGN (0x4)
                0x0000000008000878                PROVIDE (__preinit_array_start = .)
 *(.preinit_array*)
                0x0000000008000878                PROVIDE (__preinit_array_end = .)
                0x0000000008000878                . = ALIGN (0x4)

.init_array     0x0000000008000878        0x4
                0x0000000008000878                . = ALIGN (0x4)
                0x0000000008000878                PROVIDE (__init_array_start = .)
 *(SORT_BY_NAME(.init_array.*))
 *(.init_array*)
 .init_array    0x0000000008000878        0x4 c:/st/stm32cubeide_1.12.0/stm32cubeide/plugins/com.st.stm32cube.ide.mcu.externaltools.gnu-tools-for-stm32.10.3-2021.10.win32_1.0.200.202301161003/tools/bin/../lib/gcc/arm-none-eabi/10.3.1/thumb/v7e-m+fp/hard/crtbegin.o
                0x000000000800087c                PROVIDE (__init_array_end = .)
                0x000000000800087c                . = ALIGN (0x4)

.fini_array     0x000000000800087c        0x4
                0x000000000800087c                . = ALIGN (0x4)
                [!provide]                        PROVIDE (__fini_array_start = .)
 *(SORT_BY_NAME(.fini_array.*))
 *(.fini_array*)
 .fini_array    0x000000000800087c        0x4 c:/st/stm32cubeide_1.12.0/stm32cubeide/plugins/com.st.stm32cube.ide.mcu.externaltools.gnu-tools-for-stm32.10.3-2021.10.win32_1.0.200.202301161003/tools/bin/../lib/gcc/arm-none-eabi/10.3.1/thumb/v7e-m+fp/hard/crtbegin.o
                [!provide]                        PROVIDE (__fini_array_end = .)
                0x0000000008000880                . = ALIGN (0x4)
                0x0000000008000880                _sidata = LOADADDR (.data)

.data           0x0000000020000000        0xc load address 0x0000000008000880
                0x0000000020000000                . = ALIGN (0x4)
                0x0000000020000000                _sdata = .
 *(.data)
 *(.data*)
 .data.SystemCoreClock
                0x0000000020000000        0x4 ./Core/Src/system_stm32l4xx.o
                0x0000000020000000                SystemCoreClock
 .data.uwTickPrio
                0x0000000020000004        0x4 ./Drivers/STM32L4xx_HAL_Driver/stm32l4xx_hal.o
                0x0000000020000004                uwTickPrio
 .data.uwTickFreq
                0x0000000020000008        0x1 ./Drivers/STM32L4xx_HAL_Driver/stm32l4xx_hal.o
                0x0000000020000008                uwTickFreq
 *(.RamFunc)
 *(.RamFunc*)
                0x000000002000000c                . = ALIGN (0x4)
 *fill*         0x0000000020000009        0x3 
                0x000000002000000c                _edata = .

.igot.plt       0x000000002000000c        0x0 load address 0x000000000800088c
 .igot.plt      0x000000002000000c        0x0 c:/st/stm32cubeide_1.12.0/stm32cubeide/plugins/com.st.stm32cube.ide.mcu.externaltools.gnu-tools-for-stm32.10.3-2021.10.win32_1.0.200.202301161003/tools/bin/../lib/gcc/arm-none-eabi/10.3.1/thumb/v7e-m+fp/hard/crtbegin.o
                0x000000002000000c                . = ALIGN (0x4)

.bss            0x000000002000000c       0x20 load address 0x000000000800088c
                0x000000002000000c                _sbss = .
                0x000000002000000c                __bss_start__ = _sbss
 *(.bss)
 .bss           0x000000002000000c       0x1c c:/st/stm32cubeide_1.12.0/stm32cubeide/plugins/com.st.stm32cube.ide.mcu.externaltools.gnu-tools-for-stm32.10.3-2021.10.win32_1.0.200.202301161003/tools/bin/../lib/gcc/arm-none-eabi/10.3.1/thumb/v7e-m+fp/hard/crtbegin.o
 *(.bss*)
 .bss.uwTick    0x0000000020000028        0x4 ./Drivers/STM32L4xx_HAL_Driver/stm32l4xx_hal.o
                0x0000000020000028                uwTick
 *(COMMON)
                0x000000002000002c                . = ALIGN (0x4)
                0x000000002000002c                _ebss = .
                0x000000002000002c                __bss_end__ = _ebss

._user_heap_stack
                0x000000002000002c      0x604 load address 0x000000000800088c
                0x0000000020000030                . = ALIGN (0x8)
 *fill*         0x000000002000002c        0x4 
                [!provide]                        PROVIDE (end = .)
                0x0000000020000030                PROVIDE (_end = .)
                0x0000000020000230                . = (. + _Min_Heap_Size)
 *fill*         0x0000000020000030      0x200 
                0x0000000020000630                . = (. + _Min_Stack_Size)
 *fill*         0x0000000020000230      0x400 
                0x0000000020000630                . = ALIGN (0x8)

/DISCARD/
 libc.a(*)
 libm.a(*)
 libgcc.a(*)

.ARM.attributes
                0x0000000000000000       0x30
 *(.ARM.attributes)
 .ARM.attributes
                0x0000000000000000       0x1e c:/st/stm32cubeide_1.12.0/stm32cubeide/plugins/com.st.stm32cube.ide.mcu.externaltools.gnu-tools-for-stm32.10.3-2021.10.win32_1.0.200.202301161003/tools/bin/../lib/gcc/arm-none-eabi/10.3.1/thumb/v7e-m+fp/hard/crti.o
 .ARM.attributes
                0x000000000000001e       0x34 c:/st/stm32cubeide_1.12.0/stm32cubeide/plugins/com.st.stm32cube.ide.mcu.externaltools.gnu-tools-for-stm32.10.3-2021.10.win32_1.0.200.202301161003/tools/bin/../lib/gcc/arm-none-eabi/10.3.1/thumb/v7e-m+fp/hard/crtbegin.o
 .ARM.attributes
                0x0000000000000052       0x34 ./Core/Src/main.o
 .ARM.attributes
                0x0000000000000086       0x34 ./Core/Src/stm32l4xx_hal_msp.o
 .ARM.attributes
                0x00000000000000ba       0x34 ./Core/Src/stm32l4xx_it.o
 .ARM.attributes
                0x00000000000000ee       0x34 ./Core/Src/system_stm32l4xx.o
 .ARM.attributes
                0x0000000000000122       0x21 ./Core/Startup/startup_stm32l476rgtx.o
 .ARM.attributes
                0x0000000000000143       0x34 ./Drivers/STM32L4xx_HAL_Driver/stm32l4xx_hal.o
 .ARM.attributes
                0x0000000000000177       0x34 ./Drivers/STM32L4xx_HAL_Driver/stm32l4xx_hal_cortex.o
 .ARM.attributes
                0x00000000000001ab       0x34 c:/st/stm32cubeide_1.12.0/stm32cubeide/plugins/com.st.stm32cube.ide.mcu.externaltools.gnu-tools-for-stm32.10.3-2021.10.win32_1.0.200.202301161003/tools/bin/../lib/gcc/arm-none-eabi/10.3.1/../../../../arm-none-eabi/lib/thumb/v7e-m+fp/hard\libc_nano.a(lib_a-init.o)
 .ARM.attributes
                0x00000000000001df       0x1e c:/st/stm32cubeide_1.12.0/stm32cubeide/plugins/com.st.stm32cube.ide.mcu.externaltools.gnu-tools-for-stm32.10.3-2021.10.win32_1.0.200.202301161003/tools/bin/../lib/gcc/arm-none-eabi/10.3.1/thumb/v7e-m+fp/hard/crtn.o
OUTPUT(A1_ExecutionTiming.elf elf32-littlearm)
LOAD linker stubs
LOAD c:/st/stm32cubeide_1.12.0/stm32cubeide/plugins/com.st.stm32cube.ide.mcu.externaltools.gnu-tools-for-stm32.10.3-2021.10.win32_1.0.200.202301161003/tools/bin/../lib/gcc/arm-none-eabi/10.3.1/../../../../arm-none-eabi/lib/thumb/v7e-m+fp/hard\libc.a
LOAD c:/st/stm32cubeide_1.12.0/stm32cubeide/plugins/com.st.stm32cube.ide.mcu.externaltools.gnu-tools-for-stm32.10.3-2021.10.win32_1.0.200.202301161003/tools/bin/../lib/gcc/arm-none-eabi/10.3.1/../../../../arm-none-eabi/lib/thumb/v7e-m+fp/hard\libm.a
LOAD c:/st/stm32cubeide_1.12.0/stm32cubeide/plugins/com.st.stm32cube.ide.mcu.externaltools.gnu-tools-for-stm32.10.3-2021.10.win32_1.0.200.202301161003/tools/bin/../lib/gcc/arm-none-eabi/10.3.1/thumb/v7e-m+fp/hard\libgcc.a

.debug_info     0x0000000000000000     0x27f1
 .debug_info    0x0000000000000000      0x489 ./Core/Src/main.o
 .debug_info    0x0000000000000489      0x308 ./Core/Src/stm32l4xx_hal_msp.o
 .debug_info    0x0000000000000791      0x122 ./Core/Src/stm32l4xx_it.o
 .debug_info    0x00000000000008b3      0x5c6 ./Core/Src/system_stm32l4xx.o
 .debug_info    0x0000000000000e79       0x22 ./Core/Startup/startup_stm32l476rgtx.o
 .debug_info    0x0000000000000e9b      0xb35 ./Drivers/STM32L4xx_HAL_Driver/stm32l4xx_hal.o
 .debug_info    0x00000000000019d0      0xe21 ./Drivers/STM32L4xx_HAL_Driver/stm32l4xx_hal_cortex.o

.debug_abbrev   0x0000000000000000      0x8fd
 .debug_abbrev  0x0000000000000000      0x14f ./Core/Src/main.o
 .debug_abbrev  0x000000000000014f       0xc2 ./Core/Src/stm32l4xx_hal_msp.o
 .debug_abbrev  0x0000000000000211       0x74 ./Core/Src/stm32l4xx_it.o
 .debug_abbrev  0x0000000000000285      0x116 ./Core/Src/system_stm32l4xx.o
 .debug_abbrev  0x000000000000039b       0x12 ./Core/Startup/startup_stm32l476rgtx.o
 .debug_abbrev  0x00000000000003ad      0x23a ./Drivers/STM32L4xx_HAL_Driver/stm32l4xx_hal.o
 .debug_abbrev  0x00000000000005e7      0x316 ./Drivers/STM32L4xx_HAL_Driver/stm32l4xx_hal_cortex.o

.debug_aranges  0x0000000000000000      0x340
 .debug_aranges
                0x0000000000000000       0x28 ./Core/Src/main.o
 .debug_aranges
                0x0000000000000028       0x20 ./Core/Src/stm32l4xx_hal_msp.o
 .debug_aranges
                0x0000000000000048       0x60 ./Core/Src/stm32l4xx_it.o
 .debug_aranges
                0x00000000000000a8       0x28 ./Core/Src/system_stm32l4xx.o
 .debug_aranges
                0x00000000000000d0       0x28 ./Core/Startup/startup_stm32l476rgtx.o
 .debug_aranges
                0x00000000000000f8      0x130 ./Drivers/STM32L4xx_HAL_Driver/stm32l4xx_hal.o
 .debug_aranges
                0x0000000000000228      0x118 ./Drivers/STM32L4xx_HAL_Driver/stm32l4xx_hal_cortex.o

.debug_ranges   0x0000000000000000      0x2d8
 .debug_ranges  0x0000000000000000       0x18 ./Core/Src/main.o
 .debug_ranges  0x0000000000000018       0x10 ./Core/Src/stm32l4xx_hal_msp.o
 .debug_ranges  0x0000000000000028       0x50 ./Core/Src/stm32l4xx_it.o
 .debug_ranges  0x0000000000000078       0x18 ./Core/Src/system_stm32l4xx.o
 .debug_ranges  0x0000000000000090       0x20 ./Core/Startup/startup_stm32l476rgtx.o
 .debug_ranges  0x00000000000000b0      0x120 ./Drivers/STM32L4xx_HAL_Driver/stm32l4xx_hal.o
 .debug_ranges  0x00000000000001d0      0x108 ./Drivers/STM32L4xx_HAL_Driver/stm32l4xx_hal_cortex.o

.debug_macro    0x0000000000000000    0x244de
 .debug_macro   0x0000000000000000      0x253 ./Core/Src/main.o
 .debug_macro   0x0000000000000253      0xa78 ./Core/Src/main.o
 .debug_macro   0x0000000000000ccb      0x19b ./Core/Src/main.o
 .debug_macro   0x0000000000000e66       0x2e ./Core/Src/main.o
 .debug_macro   0x0000000000000e94       0x28 ./Core/Src/main.o
 .debug_macro   0x0000000000000ebc       0x22 ./Core/Src/main.o
 .debug_macro   0x0000000000000ede       0x8e ./Core/Src/main.o
 .debug_macro   0x0000000000000f6c       0x51 ./Core/Src/main.o
 .debug_macro   0x0000000000000fbd      0x103 ./Core/Src/main.o
 .debug_macro   0x00000000000010c0       0x6a ./Core/Src/main.o
 .debug_macro   0x000000000000112a      0x1df ./Core/Src/main.o
 .debug_macro   0x0000000000001309       0x1c ./Core/Src/main.o
 .debug_macro   0x0000000000001325       0x22 ./Core/Src/main.o
 .debug_macro   0x0000000000001347       0xfb ./Core/Src/main.o
 .debug_macro   0x0000000000001442     0x1011 ./Core/Src/main.o
 .debug_macro   0x0000000000002453      0x11f ./Core/Src/main.o
 .debug_macro   0x0000000000002572    0x1a17a ./Core/Src/main.o
 .debug_macro   0x000000000001c6ec       0x6d ./Core/Src/main.o
 .debug_macro   0x000000000001c759     0x38e6 ./Core/Src/main.o
 .debug_macro   0x000000000002003f      0x174 ./Core/Src/main.o
 .debug_macro   0x00000000000201b3       0x5c ./Core/Src/main.o
 .debug_macro   0x000000000002020f     0x159e ./Core/Src/main.o
 .debug_macro   0x00000000000217ad      0x5a5 ./Core/Src/main.o
 .debug_macro   0x0000000000021d52      0x1b9 ./Core/Src/main.o
 .debug_macro   0x0000000000021f0b      0x18b ./Core/Src/main.o
 .debug_macro   0x0000000000022096      0x26b ./Core/Src/main.o
 .debug_macro   0x0000000000022301      0x23d ./Core/Src/main.o
 .debug_macro   0x000000000002253e      0x241 ./Core/Src/main.o
 .debug_macro   0x000000000002277f      0x37c ./Core/Src/main.o
 .debug_macro   0x0000000000022afb       0xd6 ./Core/Src/main.o
 .debug_macro   0x0000000000022bd1      0x122 ./Core/Src/main.o
 .debug_macro   0x0000000000022cf3      0x3ef ./Core/Src/main.o
 .debug_macro   0x00000000000230e2      0x330 ./Core/Src/main.o
 .debug_macro   0x0000000000023412       0x52 ./Core/Src/main.o
 .debug_macro   0x0000000000023464       0x1e ./Core/Src/main.o
 .debug_macro   0x0000000000023482       0x3c ./Core/Src/main.o
 .debug_macro   0x00000000000234be       0x34 ./Core/Src/main.o
 .debug_macro   0x00000000000234f2       0x16 ./Core/Src/main.o
 .debug_macro   0x0000000000023508       0x43 ./Core/Src/main.o
 .debug_macro   0x000000000002354b       0x34 ./Core/Src/main.o
 .debug_macro   0x000000000002357f       0x10 ./Core/Src/main.o
 .debug_macro   0x000000000002358f       0x58 ./Core/Src/main.o
 .debug_macro   0x00000000000235e7       0x71 ./Core/Src/main.o
 .debug_macro   0x0000000000023658       0x1c ./Core/Src/main.o
 .debug_macro   0x0000000000023674      0x12a ./Core/Src/main.o
 .debug_macro   0x000000000002379e      0x341 ./Core/Src/main.o
 .debug_macro   0x0000000000023adf      0x19b ./Core/Src/main.o
 .debug_macro   0x0000000000023c7a      0x1a2 ./Core/Src/stm32l4xx_hal_msp.o
 .debug_macro   0x0000000000023e1c      0x1ac ./Core/Src/stm32l4xx_it.o
 .debug_macro   0x0000000000023fc8      0x198 ./Core/Src/system_stm32l4xx.o
 .debug_macro   0x0000000000024160      0x1e6 ./Drivers/STM32L4xx_HAL_Driver/stm32l4xx_hal.o
 .debug_macro   0x0000000000024346      0x198 ./Drivers/STM32L4xx_HAL_Driver/stm32l4xx_hal_cortex.o

.debug_line     0x0000000000000000     0x3a9e
 .debug_line    0x0000000000000000      0xa6e ./Core/Src/main.o
 .debug_line    0x0000000000000a6e      0x744 ./Core/Src/stm32l4xx_hal_msp.o
 .debug_line    0x00000000000011b2      0x807 ./Core/Src/stm32l4xx_it.o
 .debug_line    0x00000000000019b9      0x7dc ./Core/Src/system_stm32l4xx.o
 .debug_line    0x0000000000002195       0x88 ./Core/Startup/startup_stm32l476rgtx.o
 .debug_line    0x000000000000221d      0xb6d ./Drivers/STM32L4xx_HAL_Driver/stm32l4xx_hal.o
 .debug_line    0x0000000000002d8a      0xd14 ./Drivers/STM32L4xx_HAL_Driver/stm32l4xx_hal_cortex.o

.debug_str      0x0000000000000000    0xe095f
 .debug_str     0x0000000000000000    0xdf8a5 ./Core/Src/main.o
                                      0xdfb64 (size before relaxing)
 .debug_str     0x00000000000df8a5       0x33 ./Core/Src/stm32l4xx_hal_msp.o
                                      0xdc4dc (size before relaxing)
 .debug_str     0x00000000000df8d8       0xc9 ./Core/Src/stm32l4xx_it.o
                                      0xdc415 (size before relaxing)
 .debug_str     0x00000000000df9a1       0xf2 ./Core/Src/system_stm32l4xx.o
                                      0xdc5a3 (size before relaxing)
 .debug_str     0x00000000000dfa93       0x36 ./Core/Startup/startup_stm32l476rgtx.o
                                         0x7c (size before relaxing)
 .debug_str     0x00000000000dfac9      0xaf7 ./Drivers/STM32L4xx_HAL_Driver/stm32l4xx_hal.o
                                      0xdd16f (size before relaxing)
 .debug_str     0x00000000000e05c0      0x39f ./Drivers/STM32L4xx_HAL_Driver/stm32l4xx_hal_cortex.o
                                      0xdce23 (size before relaxing)

.comment        0x0000000000000000       0x50
 .comment       0x0000000000000000       0x50 ./Core/Src/main.o
                                         0x51 (size before relaxing)
 .comment       0x0000000000000050       0x51 ./Core/Src/stm32l4xx_hal_msp.o
 .comment       0x0000000000000050       0x51 ./Core/Src/stm32l4xx_it.o
 .comment       0x0000000000000050       0x51 ./Core/Src/system_stm32l4xx.o
 .comment       0x0000000000000050       0x51 ./Drivers/STM32L4xx_HAL_Driver/stm32l4xx_hal.o
 .comment       0x0000000000000050       0x51 ./Drivers/STM32L4xx_HAL_Driver/stm32l4xx_hal_cortex.o

.debug_frame    0x0000000000000000      0xb48
 .debug_frame   0x0000000000000000       0x58 ./Core/Src/main.o
 .debug_frame   0x0000000000000058       0x38 ./Core/Src/stm32l4xx_hal_msp.o
 .debug_frame   0x0000000000000090      0x104 ./Core/Src/stm32l4xx_it.o
 .debug_frame   0x0000000000000194       0x58 ./Core/Src/system_stm32l4xx.o
 .debug_frame   0x00000000000001ec      0x498 ./Drivers/STM32L4xx_HAL_Driver/stm32l4xx_hal.o
 .debug_frame   0x0000000000000684      0x498 ./Drivers/STM32L4xx_HAL_Driver/stm32l4xx_hal_cortex.o
 .debug_frame   0x0000000000000b1c       0x2c c:/st/stm32cubeide_1.12.0/stm32cubeide/plugins/com.st.stm32cube.ide.mcu.externaltools.gnu-tools-for-stm32.10.3-2021.10.win32_1.0.200.202301161003/tools/bin/../lib/gcc/arm-none-eabi/10.3.1/../../../../arm-none-eabi/lib/thumb/v7e-m+fp/hard\libc_nano.a(lib_a-init.o)
